Archive member included to satisfy reference by file (symbol)

c:/program files (x86)/atmel/studio/7.0/toolchain/avr8/avr8-gnu-toolchain/bin/../lib/gcc/avr/5.4.0/../../../../avr/lib/avr5\libm.a(divsf3.o)
                              SOURCE/MCAL/TIMER/Src/timer_driver.o (__divsf3)
c:/program files (x86)/atmel/studio/7.0/toolchain/avr8/avr8-gnu-toolchain/bin/../lib/gcc/avr/5.4.0/../../../../avr/lib/avr5\libm.a(divsf3x.o)
                              c:/program files (x86)/atmel/studio/7.0/toolchain/avr8/avr8-gnu-toolchain/bin/../lib/gcc/avr/5.4.0/../../../../avr/lib/avr5\libm.a(divsf3.o) (__divsf3x)
c:/program files (x86)/atmel/studio/7.0/toolchain/avr8/avr8-gnu-toolchain/bin/../lib/gcc/avr/5.4.0/../../../../avr/lib/avr5\libm.a(fixunssfsi.o)
                              SOURCE/MCAL/TIMER/Src/timer_driver.o (__fixunssfsi)
c:/program files (x86)/atmel/studio/7.0/toolchain/avr8/avr8-gnu-toolchain/bin/../lib/gcc/avr/5.4.0/../../../../avr/lib/avr5\libm.a(fp_inf.o)
                              c:/program files (x86)/atmel/studio/7.0/toolchain/avr8/avr8-gnu-toolchain/bin/../lib/gcc/avr/5.4.0/../../../../avr/lib/avr5\libm.a(divsf3x.o) (__fp_inf)
c:/program files (x86)/atmel/studio/7.0/toolchain/avr8/avr8-gnu-toolchain/bin/../lib/gcc/avr/5.4.0/../../../../avr/lib/avr5\libm.a(fp_nan.o)
                              c:/program files (x86)/atmel/studio/7.0/toolchain/avr8/avr8-gnu-toolchain/bin/../lib/gcc/avr/5.4.0/../../../../avr/lib/avr5\libm.a(divsf3x.o) (__fp_nan)
c:/program files (x86)/atmel/studio/7.0/toolchain/avr8/avr8-gnu-toolchain/bin/../lib/gcc/avr/5.4.0/../../../../avr/lib/avr5\libm.a(fp_pscA.o)
                              c:/program files (x86)/atmel/studio/7.0/toolchain/avr8/avr8-gnu-toolchain/bin/../lib/gcc/avr/5.4.0/../../../../avr/lib/avr5\libm.a(divsf3x.o) (__fp_pscA)
c:/program files (x86)/atmel/studio/7.0/toolchain/avr8/avr8-gnu-toolchain/bin/../lib/gcc/avr/5.4.0/../../../../avr/lib/avr5\libm.a(fp_pscB.o)
                              c:/program files (x86)/atmel/studio/7.0/toolchain/avr8/avr8-gnu-toolchain/bin/../lib/gcc/avr/5.4.0/../../../../avr/lib/avr5\libm.a(divsf3x.o) (__fp_pscB)
c:/program files (x86)/atmel/studio/7.0/toolchain/avr8/avr8-gnu-toolchain/bin/../lib/gcc/avr/5.4.0/../../../../avr/lib/avr5\libm.a(fp_round.o)
                              c:/program files (x86)/atmel/studio/7.0/toolchain/avr8/avr8-gnu-toolchain/bin/../lib/gcc/avr/5.4.0/../../../../avr/lib/avr5\libm.a(divsf3.o) (__fp_round)
c:/program files (x86)/atmel/studio/7.0/toolchain/avr8/avr8-gnu-toolchain/bin/../lib/gcc/avr/5.4.0/../../../../avr/lib/avr5\libm.a(fp_split3.o)
                              c:/program files (x86)/atmel/studio/7.0/toolchain/avr8/avr8-gnu-toolchain/bin/../lib/gcc/avr/5.4.0/../../../../avr/lib/avr5\libm.a(divsf3x.o) (__fp_split3)
c:/program files (x86)/atmel/studio/7.0/toolchain/avr8/avr8-gnu-toolchain/bin/../lib/gcc/avr/5.4.0/../../../../avr/lib/avr5\libm.a(fp_zero.o)
                              c:/program files (x86)/atmel/studio/7.0/toolchain/avr8/avr8-gnu-toolchain/bin/../lib/gcc/avr/5.4.0/../../../../avr/lib/avr5\libm.a(fixunssfsi.o) (__fp_zero)
c:/program files (x86)/atmel/studio/7.0/toolchain/avr8/avr8-gnu-toolchain/bin/../lib/gcc/avr/5.4.0/../../../../avr/lib/avr5\libm.a(mulsf3.o)
                              SOURCE/MCAL/TIMER/Src/timer_driver.o (__mulsf3)
c:/program files (x86)/atmel/studio/7.0/toolchain/avr8/avr8-gnu-toolchain/bin/../lib/gcc/avr/5.4.0/../../../../avr/lib/avr5\libm.a(mulsf3x.o)
                              c:/program files (x86)/atmel/studio/7.0/toolchain/avr8/avr8-gnu-toolchain/bin/../lib/gcc/avr/5.4.0/../../../../avr/lib/avr5\libm.a(mulsf3.o) (__mulsf3x)
c:/program files (x86)/atmel/studio/7.0/toolchain/avr8/avr8-gnu-toolchain/bin/../lib/gcc/avr/5.4.0/avr5\libgcc.a(_exit.o)
                              C:/Program Files (x86)/Atmel/Studio/7.0/Packs/atmel/ATmega_DFP/1.6.364/gcc/dev/atmega32/avr5/crtatmega32.o (exit)
c:/program files (x86)/atmel/studio/7.0/toolchain/avr8/avr8-gnu-toolchain/bin/../lib/gcc/avr/5.4.0/avr5\libgcc.a(_copy_data.o)
                              APPLICATION/main.o (__do_copy_data)
c:/program files (x86)/atmel/studio/7.0/toolchain/avr8/avr8-gnu-toolchain/bin/../lib/gcc/avr/5.4.0/avr5\libgcc.a(_clear_bss.o)
                              APPLICATION/main.o (__do_clear_bss)

Discarded input sections

 .data          0x00000000        0x0 C:/Program Files (x86)/Atmel/Studio/7.0/Packs/atmel/ATmega_DFP/1.6.364/gcc/dev/atmega32/avr5/crtatmega32.o
 .bss           0x00000000        0x0 C:/Program Files (x86)/Atmel/Studio/7.0/Packs/atmel/ATmega_DFP/1.6.364/gcc/dev/atmega32/avr5/crtatmega32.o
 .text          0x00000000        0x0 APPLICATION/main.o
 .data          0x00000000        0x0 APPLICATION/main.o
 .bss           0x00000000        0x0 APPLICATION/main.o
 .text          0x00000000        0x0 APPLICATION/menu.o
 .data          0x00000000        0x0 APPLICATION/menu.o
 .bss           0x00000000        0x0 APPLICATION/menu.o
 .text          0x00000000        0x0 SOURCE/HAL/KEYPAD/Src/keypad_driver.o
 .data          0x00000000        0x0 SOURCE/HAL/KEYPAD/Src/keypad_driver.o
 .bss           0x00000000        0x0 SOURCE/HAL/KEYPAD/Src/keypad_driver.o
 .text          0x00000000        0x0 SOURCE/HAL/LCD/Src/LCD.o
 .data          0x00000000        0x0 SOURCE/HAL/LCD/Src/LCD.o
 .bss           0x00000000        0x0 SOURCE/HAL/LCD/Src/LCD.o
 .text          0x00000000        0x0 SOURCE/HAL/LED/Src/LED.o
 .data          0x00000000        0x0 SOURCE/HAL/LED/Src/LED.o
 .bss           0x00000000        0x0 SOURCE/HAL/LED/Src/LED.o
 .text.LED_vInit
                0x00000000        0x8 SOURCE/HAL/LED/Src/LED.o
 .text.LED_vTurnOff
                0x00000000        0x8 SOURCE/HAL/LED/Src/LED.o
 .text.LED_vToggle
                0x00000000        0x6 SOURCE/HAL/LED/Src/LED.o
 .text.LED_u8ReadStatus
                0x00000000        0x6 SOURCE/HAL/LED/Src/LED.o
 .text          0x00000000        0x0 SOURCE/MCAL/DIO/Src/DIO.o
 .data          0x00000000        0x0 SOURCE/MCAL/DIO/Src/DIO.o
 .bss           0x00000000        0x0 SOURCE/MCAL/DIO/Src/DIO.o
 .text.DIO_toggle
                0x00000000       0x6e SOURCE/MCAL/DIO/Src/DIO.o
 .text.dio_write_highnibble
                0x00000000       0x3e SOURCE/MCAL/DIO/Src/DIO.o
 .text.clear_high_nibble
                0x00000000       0x36 SOURCE/MCAL/DIO/Src/DIO.o
 .text          0x00000000        0x0 SOURCE/MCAL/EEPROM/Src/EEPROM.o
 .data          0x00000000        0x0 SOURCE/MCAL/EEPROM/Src/EEPROM.o
 .bss           0x00000000        0x0 SOURCE/MCAL/EEPROM/Src/EEPROM.o
 .text          0x00000000        0x0 SOURCE/MCAL/SPI/Src/SPI.o
 .data          0x00000000        0x0 SOURCE/MCAL/SPI/Src/SPI.o
 .bss           0x00000000        0x0 SOURCE/MCAL/SPI/Src/SPI.o
 .text.SPI_vInitSlave
                0x00000000        0x6 SOURCE/MCAL/SPI/Src/SPI.o
 .text          0x00000000        0x0 SOURCE/MCAL/TIMER/Src/timer_driver.o
 .data          0x00000000        0x0 SOURCE/MCAL/TIMER/Src/timer_driver.o
 .bss           0x00000000        0x0 SOURCE/MCAL/TIMER/Src/timer_driver.o
 .text.timer_initializefastpwm
                0x00000000       0x32 SOURCE/MCAL/TIMER/Src/timer_driver.o
 .text.change_dutycycle
                0x00000000       0x20 SOURCE/MCAL/TIMER/Src/timer_driver.o
 .text          0x00000000        0x0 c:/program files (x86)/atmel/studio/7.0/toolchain/avr8/avr8-gnu-toolchain/bin/../lib/gcc/avr/5.4.0/../../../../avr/lib/avr5\libm.a(divsf3.o)
 .data          0x00000000        0x0 c:/program files (x86)/atmel/studio/7.0/toolchain/avr8/avr8-gnu-toolchain/bin/../lib/gcc/avr/5.4.0/../../../../avr/lib/avr5\libm.a(divsf3.o)
 .bss           0x00000000        0x0 c:/program files (x86)/atmel/studio/7.0/toolchain/avr8/avr8-gnu-toolchain/bin/../lib/gcc/avr/5.4.0/../../../../avr/lib/avr5\libm.a(divsf3.o)
 .text.avr-libc.fplib
                0x00000000        0x8 c:/program files (x86)/atmel/studio/7.0/toolchain/avr8/avr8-gnu-toolchain/bin/../lib/gcc/avr/5.4.0/../../../../avr/lib/avr5\libm.a(divsf3.o)
 .text          0x00000000        0x0 c:/program files (x86)/atmel/studio/7.0/toolchain/avr8/avr8-gnu-toolchain/bin/../lib/gcc/avr/5.4.0/../../../../avr/lib/avr5\libm.a(divsf3x.o)
 .data          0x00000000        0x0 c:/program files (x86)/atmel/studio/7.0/toolchain/avr8/avr8-gnu-toolchain/bin/../lib/gcc/avr/5.4.0/../../../../avr/lib/avr5\libm.a(divsf3x.o)
 .bss           0x00000000        0x0 c:/program files (x86)/atmel/studio/7.0/toolchain/avr8/avr8-gnu-toolchain/bin/../lib/gcc/avr/5.4.0/../../../../avr/lib/avr5\libm.a(divsf3x.o)
 .text.avr-libc.fplib
                0x00000000       0xdc c:/program files (x86)/atmel/studio/7.0/toolchain/avr8/avr8-gnu-toolchain/bin/../lib/gcc/avr/5.4.0/../../../../avr/lib/avr5\libm.a(divsf3x.o)
 .text          0x00000000        0x0 c:/program files (x86)/atmel/studio/7.0/toolchain/avr8/avr8-gnu-toolchain/bin/../lib/gcc/avr/5.4.0/../../../../avr/lib/avr5\libm.a(fixunssfsi.o)
 .data          0x00000000        0x0 c:/program files (x86)/atmel/studio/7.0/toolchain/avr8/avr8-gnu-toolchain/bin/../lib/gcc/avr/5.4.0/../../../../avr/lib/avr5\libm.a(fixunssfsi.o)
 .bss           0x00000000        0x0 c:/program files (x86)/atmel/studio/7.0/toolchain/avr8/avr8-gnu-toolchain/bin/../lib/gcc/avr/5.4.0/../../../../avr/lib/avr5\libm.a(fixunssfsi.o)
 .text.avr-libc.fplib
                0x00000000       0x5e c:/program files (x86)/atmel/studio/7.0/toolchain/avr8/avr8-gnu-toolchain/bin/../lib/gcc/avr/5.4.0/../../../../avr/lib/avr5\libm.a(fixunssfsi.o)
 .text          0x00000000        0x0 c:/program files (x86)/atmel/studio/7.0/toolchain/avr8/avr8-gnu-toolchain/bin/../lib/gcc/avr/5.4.0/../../../../avr/lib/avr5\libm.a(fp_inf.o)
 .data          0x00000000        0x0 c:/program files (x86)/atmel/studio/7.0/toolchain/avr8/avr8-gnu-toolchain/bin/../lib/gcc/avr/5.4.0/../../../../avr/lib/avr5\libm.a(fp_inf.o)
 .bss           0x00000000        0x0 c:/program files (x86)/atmel/studio/7.0/toolchain/avr8/avr8-gnu-toolchain/bin/../lib/gcc/avr/5.4.0/../../../../avr/lib/avr5\libm.a(fp_inf.o)
 .text.avr-libc.fplib
                0x00000000        0xc c:/program files (x86)/atmel/studio/7.0/toolchain/avr8/avr8-gnu-toolchain/bin/../lib/gcc/avr/5.4.0/../../../../avr/lib/avr5\libm.a(fp_inf.o)
 .text          0x00000000        0x0 c:/program files (x86)/atmel/studio/7.0/toolchain/avr8/avr8-gnu-toolchain/bin/../lib/gcc/avr/5.4.0/../../../../avr/lib/avr5\libm.a(fp_nan.o)
 .data          0x00000000        0x0 c:/program files (x86)/atmel/studio/7.0/toolchain/avr8/avr8-gnu-toolchain/bin/../lib/gcc/avr/5.4.0/../../../../avr/lib/avr5\libm.a(fp_nan.o)
 .bss           0x00000000        0x0 c:/program files (x86)/atmel/studio/7.0/toolchain/avr8/avr8-gnu-toolchain/bin/../lib/gcc/avr/5.4.0/../../../../avr/lib/avr5\libm.a(fp_nan.o)
 .text.avr-libc.fplib
                0x00000000        0x6 c:/program files (x86)/atmel/studio/7.0/toolchain/avr8/avr8-gnu-toolchain/bin/../lib/gcc/avr/5.4.0/../../../../avr/lib/avr5\libm.a(fp_nan.o)
 .text          0x00000000        0x0 c:/program files (x86)/atmel/studio/7.0/toolchain/avr8/avr8-gnu-toolchain/bin/../lib/gcc/avr/5.4.0/../../../../avr/lib/avr5\libm.a(fp_pscA.o)
 .data          0x00000000        0x0 c:/program files (x86)/atmel/studio/7.0/toolchain/avr8/avr8-gnu-toolchain/bin/../lib/gcc/avr/5.4.0/../../../../avr/lib/avr5\libm.a(fp_pscA.o)
 .bss           0x00000000        0x0 c:/program files (x86)/atmel/studio/7.0/toolchain/avr8/avr8-gnu-toolchain/bin/../lib/gcc/avr/5.4.0/../../../../avr/lib/avr5\libm.a(fp_pscA.o)
 .text.avr-libc.fplib
                0x00000000        0xe c:/program files (x86)/atmel/studio/7.0/toolchain/avr8/avr8-gnu-toolchain/bin/../lib/gcc/avr/5.4.0/../../../../avr/lib/avr5\libm.a(fp_pscA.o)
 .text          0x00000000        0x0 c:/program files (x86)/atmel/studio/7.0/toolchain/avr8/avr8-gnu-toolchain/bin/../lib/gcc/avr/5.4.0/../../../../avr/lib/avr5\libm.a(fp_pscB.o)
 .data          0x00000000        0x0 c:/program files (x86)/atmel/studio/7.0/toolchain/avr8/avr8-gnu-toolchain/bin/../lib/gcc/avr/5.4.0/../../../../avr/lib/avr5\libm.a(fp_pscB.o)
 .bss           0x00000000        0x0 c:/program files (x86)/atmel/studio/7.0/toolchain/avr8/avr8-gnu-toolchain/bin/../lib/gcc/avr/5.4.0/../../../../avr/lib/avr5\libm.a(fp_pscB.o)
 .text.avr-libc.fplib
                0x00000000        0xe c:/program files (x86)/atmel/studio/7.0/toolchain/avr8/avr8-gnu-toolchain/bin/../lib/gcc/avr/5.4.0/../../../../avr/lib/avr5\libm.a(fp_pscB.o)
 .text          0x00000000        0x0 c:/program files (x86)/atmel/studio/7.0/toolchain/avr8/avr8-gnu-toolchain/bin/../lib/gcc/avr/5.4.0/../../../../avr/lib/avr5\libm.a(fp_round.o)
 .data          0x00000000        0x0 c:/program files (x86)/atmel/studio/7.0/toolchain/avr8/avr8-gnu-toolchain/bin/../lib/gcc/avr/5.4.0/../../../../avr/lib/avr5\libm.a(fp_round.o)
 .bss           0x00000000        0x0 c:/program files (x86)/atmel/studio/7.0/toolchain/avr8/avr8-gnu-toolchain/bin/../lib/gcc/avr/5.4.0/../../../../avr/lib/avr5\libm.a(fp_round.o)
 .text.avr-libc.fplib
                0x00000000       0x22 c:/program files (x86)/atmel/studio/7.0/toolchain/avr8/avr8-gnu-toolchain/bin/../lib/gcc/avr/5.4.0/../../../../avr/lib/avr5\libm.a(fp_round.o)
 .text          0x00000000        0x0 c:/program files (x86)/atmel/studio/7.0/toolchain/avr8/avr8-gnu-toolchain/bin/../lib/gcc/avr/5.4.0/../../../../avr/lib/avr5\libm.a(fp_split3.o)
 .data          0x00000000        0x0 c:/program files (x86)/atmel/studio/7.0/toolchain/avr8/avr8-gnu-toolchain/bin/../lib/gcc/avr/5.4.0/../../../../avr/lib/avr5\libm.a(fp_split3.o)
 .bss           0x00000000        0x0 c:/program files (x86)/atmel/studio/7.0/toolchain/avr8/avr8-gnu-toolchain/bin/../lib/gcc/avr/5.4.0/../../../../avr/lib/avr5\libm.a(fp_split3.o)
 .text.avr-libc.fplib
                0x00000000       0x44 c:/program files (x86)/atmel/studio/7.0/toolchain/avr8/avr8-gnu-toolchain/bin/../lib/gcc/avr/5.4.0/../../../../avr/lib/avr5\libm.a(fp_split3.o)
 .text          0x00000000        0x0 c:/program files (x86)/atmel/studio/7.0/toolchain/avr8/avr8-gnu-toolchain/bin/../lib/gcc/avr/5.4.0/../../../../avr/lib/avr5\libm.a(fp_zero.o)
 .data          0x00000000        0x0 c:/program files (x86)/atmel/studio/7.0/toolchain/avr8/avr8-gnu-toolchain/bin/../lib/gcc/avr/5.4.0/../../../../avr/lib/avr5\libm.a(fp_zero.o)
 .bss           0x00000000        0x0 c:/program files (x86)/atmel/studio/7.0/toolchain/avr8/avr8-gnu-toolchain/bin/../lib/gcc/avr/5.4.0/../../../../avr/lib/avr5\libm.a(fp_zero.o)
 .text.avr-libc.fplib
                0x00000000        0xe c:/program files (x86)/atmel/studio/7.0/toolchain/avr8/avr8-gnu-toolchain/bin/../lib/gcc/avr/5.4.0/../../../../avr/lib/avr5\libm.a(fp_zero.o)
 .text          0x00000000        0x0 c:/program files (x86)/atmel/studio/7.0/toolchain/avr8/avr8-gnu-toolchain/bin/../lib/gcc/avr/5.4.0/../../../../avr/lib/avr5\libm.a(mulsf3.o)
 .data          0x00000000        0x0 c:/program files (x86)/atmel/studio/7.0/toolchain/avr8/avr8-gnu-toolchain/bin/../lib/gcc/avr/5.4.0/../../../../avr/lib/avr5\libm.a(mulsf3.o)
 .bss           0x00000000        0x0 c:/program files (x86)/atmel/studio/7.0/toolchain/avr8/avr8-gnu-toolchain/bin/../lib/gcc/avr/5.4.0/../../../../avr/lib/avr5\libm.a(mulsf3.o)
 .text.avr-libc.fplib
                0x00000000        0x8 c:/program files (x86)/atmel/studio/7.0/toolchain/avr8/avr8-gnu-toolchain/bin/../lib/gcc/avr/5.4.0/../../../../avr/lib/avr5\libm.a(mulsf3.o)
 .text          0x00000000        0x0 c:/program files (x86)/atmel/studio/7.0/toolchain/avr8/avr8-gnu-toolchain/bin/../lib/gcc/avr/5.4.0/../../../../avr/lib/avr5\libm.a(mulsf3x.o)
 .data          0x00000000        0x0 c:/program files (x86)/atmel/studio/7.0/toolchain/avr8/avr8-gnu-toolchain/bin/../lib/gcc/avr/5.4.0/../../../../avr/lib/avr5\libm.a(mulsf3x.o)
 .bss           0x00000000        0x0 c:/program files (x86)/atmel/studio/7.0/toolchain/avr8/avr8-gnu-toolchain/bin/../lib/gcc/avr/5.4.0/../../../../avr/lib/avr5\libm.a(mulsf3x.o)
 .text.avr-libc.fplib
                0x00000000       0xd2 c:/program files (x86)/atmel/studio/7.0/toolchain/avr8/avr8-gnu-toolchain/bin/../lib/gcc/avr/5.4.0/../../../../avr/lib/avr5\libm.a(mulsf3x.o)
 .text          0x00000000        0x0 c:/program files (x86)/atmel/studio/7.0/toolchain/avr8/avr8-gnu-toolchain/bin/../lib/gcc/avr/5.4.0/avr5\libgcc.a(_exit.o)
 .data          0x00000000        0x0 c:/program files (x86)/atmel/studio/7.0/toolchain/avr8/avr8-gnu-toolchain/bin/../lib/gcc/avr/5.4.0/avr5\libgcc.a(_exit.o)
 .bss           0x00000000        0x0 c:/program files (x86)/atmel/studio/7.0/toolchain/avr8/avr8-gnu-toolchain/bin/../lib/gcc/avr/5.4.0/avr5\libgcc.a(_exit.o)
 .text.libgcc.mul
                0x00000000        0x0 c:/program files (x86)/atmel/studio/7.0/toolchain/avr8/avr8-gnu-toolchain/bin/../lib/gcc/avr/5.4.0/avr5\libgcc.a(_exit.o)
 .text.libgcc.div
                0x00000000        0x0 c:/program files (x86)/atmel/studio/7.0/toolchain/avr8/avr8-gnu-toolchain/bin/../lib/gcc/avr/5.4.0/avr5\libgcc.a(_exit.o)
 .text.libgcc   0x00000000        0x0 c:/program files (x86)/atmel/studio/7.0/toolchain/avr8/avr8-gnu-toolchain/bin/../lib/gcc/avr/5.4.0/avr5\libgcc.a(_exit.o)
 .text.libgcc.prologue
                0x00000000        0x0 c:/program files (x86)/atmel/studio/7.0/toolchain/avr8/avr8-gnu-toolchain/bin/../lib/gcc/avr/5.4.0/avr5\libgcc.a(_exit.o)
 .text.libgcc.builtins
                0x00000000        0x0 c:/program files (x86)/atmel/studio/7.0/toolchain/avr8/avr8-gnu-toolchain/bin/../lib/gcc/avr/5.4.0/avr5\libgcc.a(_exit.o)
 .text.libgcc.fmul
                0x00000000        0x0 c:/program files (x86)/atmel/studio/7.0/toolchain/avr8/avr8-gnu-toolchain/bin/../lib/gcc/avr/5.4.0/avr5\libgcc.a(_exit.o)
 .text.libgcc.fixed
                0x00000000        0x0 c:/program files (x86)/atmel/studio/7.0/toolchain/avr8/avr8-gnu-toolchain/bin/../lib/gcc/avr/5.4.0/avr5\libgcc.a(_exit.o)
 .text          0x00000000        0x0 c:/program files (x86)/atmel/studio/7.0/toolchain/avr8/avr8-gnu-toolchain/bin/../lib/gcc/avr/5.4.0/avr5\libgcc.a(_copy_data.o)
 .data          0x00000000        0x0 c:/program files (x86)/atmel/studio/7.0/toolchain/avr8/avr8-gnu-toolchain/bin/../lib/gcc/avr/5.4.0/avr5\libgcc.a(_copy_data.o)
 .bss           0x00000000        0x0 c:/program files (x86)/atmel/studio/7.0/toolchain/avr8/avr8-gnu-toolchain/bin/../lib/gcc/avr/5.4.0/avr5\libgcc.a(_copy_data.o)
 .text.libgcc.mul
                0x00000000        0x0 c:/program files (x86)/atmel/studio/7.0/toolchain/avr8/avr8-gnu-toolchain/bin/../lib/gcc/avr/5.4.0/avr5\libgcc.a(_copy_data.o)
 .text.libgcc.div
                0x00000000        0x0 c:/program files (x86)/atmel/studio/7.0/toolchain/avr8/avr8-gnu-toolchain/bin/../lib/gcc/avr/5.4.0/avr5\libgcc.a(_copy_data.o)
 .text.libgcc   0x00000000        0x0 c:/program files (x86)/atmel/studio/7.0/toolchain/avr8/avr8-gnu-toolchain/bin/../lib/gcc/avr/5.4.0/avr5\libgcc.a(_copy_data.o)
 .text.libgcc.prologue
                0x00000000        0x0 c:/program files (x86)/atmel/studio/7.0/toolchain/avr8/avr8-gnu-toolchain/bin/../lib/gcc/avr/5.4.0/avr5\libgcc.a(_copy_data.o)
 .text.libgcc.builtins
                0x00000000        0x0 c:/program files (x86)/atmel/studio/7.0/toolchain/avr8/avr8-gnu-toolchain/bin/../lib/gcc/avr/5.4.0/avr5\libgcc.a(_copy_data.o)
 .text.libgcc.fmul
                0x00000000        0x0 c:/program files (x86)/atmel/studio/7.0/toolchain/avr8/avr8-gnu-toolchain/bin/../lib/gcc/avr/5.4.0/avr5\libgcc.a(_copy_data.o)
 .text.libgcc.fixed
                0x00000000        0x0 c:/program files (x86)/atmel/studio/7.0/toolchain/avr8/avr8-gnu-toolchain/bin/../lib/gcc/avr/5.4.0/avr5\libgcc.a(_copy_data.o)
 .text          0x00000000        0x0 c:/program files (x86)/atmel/studio/7.0/toolchain/avr8/avr8-gnu-toolchain/bin/../lib/gcc/avr/5.4.0/avr5\libgcc.a(_clear_bss.o)
 .data          0x00000000        0x0 c:/program files (x86)/atmel/studio/7.0/toolchain/avr8/avr8-gnu-toolchain/bin/../lib/gcc/avr/5.4.0/avr5\libgcc.a(_clear_bss.o)
 .bss           0x00000000        0x0 c:/program files (x86)/atmel/studio/7.0/toolchain/avr8/avr8-gnu-toolchain/bin/../lib/gcc/avr/5.4.0/avr5\libgcc.a(_clear_bss.o)
 .text.libgcc.mul
                0x00000000        0x0 c:/program files (x86)/atmel/studio/7.0/toolchain/avr8/avr8-gnu-toolchain/bin/../lib/gcc/avr/5.4.0/avr5\libgcc.a(_clear_bss.o)
 .text.libgcc.div
                0x00000000        0x0 c:/program files (x86)/atmel/studio/7.0/toolchain/avr8/avr8-gnu-toolchain/bin/../lib/gcc/avr/5.4.0/avr5\libgcc.a(_clear_bss.o)
 .text.libgcc   0x00000000        0x0 c:/program files (x86)/atmel/studio/7.0/toolchain/avr8/avr8-gnu-toolchain/bin/../lib/gcc/avr/5.4.0/avr5\libgcc.a(_clear_bss.o)
 .text.libgcc.prologue
                0x00000000        0x0 c:/program files (x86)/atmel/studio/7.0/toolchain/avr8/avr8-gnu-toolchain/bin/../lib/gcc/avr/5.4.0/avr5\libgcc.a(_clear_bss.o)
 .text.libgcc.builtins
                0x00000000        0x0 c:/program files (x86)/atmel/studio/7.0/toolchain/avr8/avr8-gnu-toolchain/bin/../lib/gcc/avr/5.4.0/avr5\libgcc.a(_clear_bss.o)
 .text.libgcc.fmul
                0x00000000        0x0 c:/program files (x86)/atmel/studio/7.0/toolchain/avr8/avr8-gnu-toolchain/bin/../lib/gcc/avr/5.4.0/avr5\libgcc.a(_clear_bss.o)
 .text.libgcc.fixed
                0x00000000        0x0 c:/program files (x86)/atmel/studio/7.0/toolchain/avr8/avr8-gnu-toolchain/bin/../lib/gcc/avr/5.4.0/avr5\libgcc.a(_clear_bss.o)

Memory Configuration

Name             Origin             Length             Attributes
text             0x00000000         0x00008000         xr
data             0x00800060         0x00000800         rw !x
eeprom           0x00810000         0x00000400         rw !x
fuse             0x00820000         0x00000002         rw !x
lock             0x00830000         0x00000400         rw !x
signature        0x00840000         0x00000400         rw !x
user_signatures  0x00850000         0x00000400         rw !x
*default*        0x00000000         0xffffffff

Linker script and memory map

LOAD C:/Program Files (x86)/Atmel/Studio/7.0/Packs/atmel/ATmega_DFP/1.6.364/gcc/dev/atmega32/avr5/crtatmega32.o
LOAD APPLICATION/main.o
LOAD APPLICATION/menu.o
LOAD SOURCE/HAL/KEYPAD/Src/keypad_driver.o
LOAD SOURCE/HAL/LCD/Src/LCD.o
LOAD SOURCE/HAL/LED/Src/LED.o
LOAD SOURCE/MCAL/DIO/Src/DIO.o
LOAD SOURCE/MCAL/EEPROM/Src/EEPROM.o
LOAD SOURCE/MCAL/SPI/Src/SPI.o
LOAD SOURCE/MCAL/TIMER/Src/timer_driver.o
START GROUP
LOAD c:/program files (x86)/atmel/studio/7.0/toolchain/avr8/avr8-gnu-toolchain/bin/../lib/gcc/avr/5.4.0/../../../../avr/lib/avr5\libm.a
END GROUP
START GROUP
LOAD c:/program files (x86)/atmel/studio/7.0/toolchain/avr8/avr8-gnu-toolchain/bin/../lib/gcc/avr/5.4.0/avr5\libgcc.a
LOAD c:/program files (x86)/atmel/studio/7.0/toolchain/avr8/avr8-gnu-toolchain/bin/../lib/gcc/avr/5.4.0/../../../../avr/lib/avr5\libm.a
LOAD c:/program files (x86)/atmel/studio/7.0/toolchain/avr8/avr8-gnu-toolchain/bin/../lib/gcc/avr/5.4.0/../../../../avr/lib/avr5\libc.a
LOAD C:/Program Files (x86)/Atmel/Studio/7.0/Packs/atmel/ATmega_DFP/1.6.364/gcc/dev/atmega32/avr5\libatmega32.a
END GROUP
                0x00000000                __TEXT_REGION_ORIGIN__ = DEFINED (__TEXT_REGION_ORIGIN__)?__TEXT_REGION_ORIGIN__:0x0
                [0x00800060]                __DATA_REGION_ORIGIN__ = DEFINED (__DATA_REGION_ORIGIN__)?__DATA_REGION_ORIGIN__:0x800060
                [0x00008000]                __TEXT_REGION_LENGTH__ = DEFINED (__TEXT_REGION_LENGTH__)?__TEXT_REGION_LENGTH__:0x20000
                [0x00000800]                __DATA_REGION_LENGTH__ = DEFINED (__DATA_REGION_LENGTH__)?__DATA_REGION_LENGTH__:0xffa0
                [0x00000400]                __EEPROM_REGION_LENGTH__ = DEFINED (__EEPROM_REGION_LENGTH__)?__EEPROM_REGION_LENGTH__:0x10000
                [0x00000002]                __FUSE_REGION_LENGTH__ = DEFINED (__FUSE_REGION_LENGTH__)?__FUSE_REGION_LENGTH__:0x400
                0x00000400                __LOCK_REGION_LENGTH__ = DEFINED (__LOCK_REGION_LENGTH__)?__LOCK_REGION_LENGTH__:0x400
                0x00000400                __SIGNATURE_REGION_LENGTH__ = DEFINED (__SIGNATURE_REGION_LENGTH__)?__SIGNATURE_REGION_LENGTH__:0x400
                0x00000400                __USER_SIGNATURE_REGION_LENGTH__ = DEFINED (__USER_SIGNATURE_REGION_LENGTH__)?__USER_SIGNATURE_REGION_LENGTH__:0x400

.hash
 *(.hash)

.dynsym
 *(.dynsym)

.dynstr
 *(.dynstr)

.gnu.version
 *(.gnu.version)

.gnu.version_d
 *(.gnu.version_d)

.gnu.version_r
 *(.gnu.version_r)

.rel.init
 *(.rel.init)

.rela.init
 *(.rela.init)

.rel.text
 *(.rel.text)
 *(.rel.text.*)
 *(.rel.gnu.linkonce.t*)

.rela.text
 *(.rela.text)
 *(.rela.text.*)
 *(.rela.gnu.linkonce.t*)

.rel.fini
 *(.rel.fini)

.rela.fini
 *(.rela.fini)

.rel.rodata
 *(.rel.rodata)
 *(.rel.rodata.*)
 *(.rel.gnu.linkonce.r*)

.rela.rodata
 *(.rela.rodata)
 *(.rela.rodata.*)
 *(.rela.gnu.linkonce.r*)

.rel.data
 *(.rel.data)
 *(.rel.data.*)
 *(.rel.gnu.linkonce.d*)

.rela.data
 *(.rela.data)
 *(.rela.data.*)
 *(.rela.gnu.linkonce.d*)

.rel.ctors
 *(.rel.ctors)

.rela.ctors
 *(.rela.ctors)

.rel.dtors
 *(.rel.dtors)

.rela.dtors
 *(.rela.dtors)

.rel.got
 *(.rel.got)

.rela.got
 *(.rela.got)

.rel.bss
 *(.rel.bss)

.rela.bss
 *(.rela.bss)

.rel.plt
 *(.rel.plt)

.rela.plt
 *(.rela.plt)

.text           0x00000000      0xde8
 *(.vectors)
 .vectors       0x00000000       0x54 C:/Program Files (x86)/Atmel/Studio/7.0/Packs/atmel/ATmega_DFP/1.6.364/gcc/dev/atmega32/avr5/crtatmega32.o
                0x00000000                __vector_default
                0x00000000                __vectors
 *(.vectors)
 *(.progmem.gcc*)
                0x00000054                . = ALIGN (0x2)
                0x00000054                __trampolines_start = .
 *(.trampolines)
 .trampolines   0x00000054        0x0 linker stubs
 *(.trampolines*)
                0x00000054                __trampolines_end = .
 *libprintf_flt.a:*(.progmem.data)
 *libc.a:*(.progmem.data)
 *(.progmem*)
                0x00000054                . = ALIGN (0x2)
 *(.jumptables)
 *(.jumptables*)
 *(.lowtext)
 *(.lowtext*)
                0x00000054                __ctors_start = .
 *(.ctors)
                0x00000054                __ctors_end = .
                0x00000054                __dtors_start = .
 *(.dtors)
                0x00000054                __dtors_end = .
 SORT(*)(.ctors)
 SORT(*)(.dtors)
 *(.init0)
 .init0         0x00000054        0x0 C:/Program Files (x86)/Atmel/Studio/7.0/Packs/atmel/ATmega_DFP/1.6.364/gcc/dev/atmega32/avr5/crtatmega32.o
                0x00000054                __init
 *(.init0)
 *(.init1)
 *(.init1)
 *(.init2)
 .init2         0x00000054        0xc C:/Program Files (x86)/Atmel/Studio/7.0/Packs/atmel/ATmega_DFP/1.6.364/gcc/dev/atmega32/avr5/crtatmega32.o
 *(.init2)
 *(.init3)
 *(.init3)
 *(.init4)
 .init4         0x00000060       0x16 c:/program files (x86)/atmel/studio/7.0/toolchain/avr8/avr8-gnu-toolchain/bin/../lib/gcc/avr/5.4.0/avr5\libgcc.a(_copy_data.o)
                0x00000060                __do_copy_data
 .init4         0x00000076       0x10 c:/program files (x86)/atmel/studio/7.0/toolchain/avr8/avr8-gnu-toolchain/bin/../lib/gcc/avr/5.4.0/avr5\libgcc.a(_clear_bss.o)
                0x00000076                __do_clear_bss
 *(.init4)
 *(.init5)
 *(.init5)
 *(.init6)
 *(.init6)
 *(.init7)
 *(.init7)
 *(.init8)
 *(.init8)
 *(.init9)
 .init9         0x00000086        0x8 C:/Program Files (x86)/Atmel/Studio/7.0/Packs/atmel/ATmega_DFP/1.6.364/gcc/dev/atmega32/avr5/crtatmega32.o
 *(.init9)
 *(.text)
 .text          0x0000008e        0x4 C:/Program Files (x86)/Atmel/Studio/7.0/Packs/atmel/ATmega_DFP/1.6.364/gcc/dev/atmega32/avr5/crtatmega32.o
                0x0000008e                __vector_1
                0x0000008e                __vector_12
                0x0000008e                __bad_interrupt
                0x0000008e                __vector_6
                0x0000008e                __vector_3
                0x0000008e                __vector_11
                0x0000008e                __vector_13
                0x0000008e                __vector_17
                0x0000008e                __vector_19
                0x0000008e                __vector_7
                0x0000008e                __vector_5
                0x0000008e                __vector_4
                0x0000008e                __vector_9
                0x0000008e                __vector_2
                0x0000008e                __vector_15
                0x0000008e                __vector_8
                0x0000008e                __vector_14
                0x0000008e                __vector_16
                0x0000008e                __vector_18
                0x0000008e                __vector_20
                0x00000092                . = ALIGN (0x2)
 *(.text.*)
 .text.main     0x00000092      0x44a APPLICATION/main.o
                0x00000092                main
 .text.__vector_10
                0x000004dc       0x2e APPLICATION/main.o
                0x000004dc                __vector_10
 .text.ui8ComparePass
                0x0000050a       0x44 APPLICATION/menu.o
                0x0000050a                ui8ComparePass
 .text.u8GetKeyPressed
                0x0000054e       0x2c APPLICATION/menu.o
                0x0000054e                u8GetKeyPressed
 .text.vMenuOption
                0x0000057a      0x144 APPLICATION/menu.o
                0x0000057a                vMenuOption
 .text.keypad_vInit
                0x000006be       0x7a SOURCE/HAL/KEYPAD/Src/keypad_driver.o
                0x000006be                keypad_vInit
 .text.keypad_u8check_press
                0x00000738       0xd2 SOURCE/HAL/KEYPAD/Src/keypad_driver.o
                0x00000738                keypad_u8check_press
 .text.send_falling_edge
                0x0000080a       0x2e SOURCE/HAL/LCD/Src/LCD.o
 .text.LCD_vSend_cmd
                0x00000838       0x18 SOURCE/HAL/LCD/Src/LCD.o
                0x00000838                LCD_vSend_cmd
 .text.LCD_vInit
                0x00000850       0x98 SOURCE/HAL/LCD/Src/LCD.o
                0x00000850                LCD_vInit
 .text.LCD_vSend_char
                0x000008e8       0x18 SOURCE/HAL/LCD/Src/LCD.o
                0x000008e8                LCD_vSend_char
 .text.LCD_vSend_string
                0x00000900       0x1e SOURCE/HAL/LCD/Src/LCD.o
                0x00000900                LCD_vSend_string
 .text.LCD_clearscreen
                0x0000091e        0x8 SOURCE/HAL/LCD/Src/LCD.o
                0x0000091e                LCD_clearscreen
 .text.LCD_movecursor
                0x00000926       0x1c SOURCE/HAL/LCD/Src/LCD.o
                0x00000926                LCD_movecursor
 .text.LED_vTurnOn
                0x00000942        0x8 SOURCE/HAL/LED/Src/LED.o
                0x00000942                LED_vTurnOn
 .text.DIO_vsetPINDir
                0x0000094a       0xe0 SOURCE/MCAL/DIO/Src/DIO.o
                0x0000094a                DIO_vsetPINDir
 .text.DIO_write
                0x00000a2a       0xe0 SOURCE/MCAL/DIO/Src/DIO.o
                0x00000a2a                DIO_write
 .text.DIO_u8read
                0x00000b0a       0xaa SOURCE/MCAL/DIO/Src/DIO.o
                0x00000b0a                DIO_u8read
 .text.DIO_write_port
                0x00000bb4       0x26 SOURCE/MCAL/DIO/Src/DIO.o
                0x00000bb4                DIO_write_port
 .text.DIO_vconnectpullup
                0x00000bda      0x122 SOURCE/MCAL/DIO/Src/DIO.o
                0x00000bda                DIO_vconnectpullup
 .text.EEPROM_ui8ReadByteFromAddress
                0x00000cfc        0xe SOURCE/MCAL/EEPROM/Src/EEPROM.o
                0x00000cfc                EEPROM_ui8ReadByteFromAddress
 .text.EEPROM_vReadBlockFromAddress
                0x00000d0a       0x30 SOURCE/MCAL/EEPROM/Src/EEPROM.o
                0x00000d0a                EEPROM_vReadBlockFromAddress
 .text.EEPROM_vWriteByteToAddress
                0x00000d3a       0x18 SOURCE/MCAL/EEPROM/Src/EEPROM.o
                0x00000d3a                EEPROM_vWriteByteToAddress
 .text.EEPROM_vWriteBlockToAddress
                0x00000d52       0x3a SOURCE/MCAL/EEPROM/Src/EEPROM.o
                0x00000d52                EEPROM_vWriteBlockToAddress
 .text.SPI_vInitMaster
                0x00000d8c        0xe SOURCE/MCAL/SPI/Src/SPI.o
                0x00000d8c                SPI_vInitMaster
 .text.SPI_ui8TransmitRecive
                0x00000d9a        0xa SOURCE/MCAL/SPI/Src/SPI.o
                0x00000d9a                SPI_ui8TransmitRecive
 .text.timer0_initializeCTC
                0x00000da4       0x2c SOURCE/MCAL/TIMER/Src/timer_driver.o
                0x00000da4                timer0_initializeCTC
 .text.timer0_stop
                0x00000dd0       0x14 SOURCE/MCAL/TIMER/Src/timer_driver.o
                0x00000dd0                timer0_stop
                0x00000de4                . = ALIGN (0x2)
 *(.fini9)
 .fini9         0x00000de4        0x0 c:/program files (x86)/atmel/studio/7.0/toolchain/avr8/avr8-gnu-toolchain/bin/../lib/gcc/avr/5.4.0/avr5\libgcc.a(_exit.o)
                0x00000de4                _exit
                0x00000de4                exit
 *(.fini9)
 *(.fini8)
 *(.fini8)
 *(.fini7)
 *(.fini7)
 *(.fini6)
 *(.fini6)
 *(.fini5)
 *(.fini5)
 *(.fini4)
 *(.fini4)
 *(.fini3)
 *(.fini3)
 *(.fini2)
 *(.fini2)
 *(.fini1)
 *(.fini1)
 *(.fini0)
 .fini0         0x00000de4        0x4 c:/program files (x86)/atmel/studio/7.0/toolchain/avr8/avr8-gnu-toolchain/bin/../lib/gcc/avr/5.4.0/avr5\libgcc.a(_exit.o)
 *(.fini0)
                0x00000de8                _etext = .

.data           0x00800060      0x12e load address 0x00000de8
                0x00800060                PROVIDE (__data_start, .)
 *(.data)
 *(.data*)
 *(.gnu.linkonce.d*)
 *(.rodata)
 .rodata        0x00800060       0x10 SOURCE/HAL/KEYPAD/Src/keypad_driver.o
 *(.rodata*)
 .rodata.str1.1
                0x00800070       0xeb APPLICATION/main.o
 .rodata.str1.1
                0x0080015b       0x33 APPLICATION/menu.o
                                 0x3f (size before relaxing)
 *(.gnu.linkonce.r*)
                0x0080018e                . = ALIGN (0x2)
                0x0080018e                _edata = .
                0x0080018e                PROVIDE (__data_end, .)

.bss            0x0080018e        0x3
                0x0080018e                PROVIDE (__bss_start, .)
 *(.bss)
 *(.bss*)
 .bss.timeout_flag
                0x0080018e        0x1 APPLICATION/main.o
                0x0080018e                timeout_flag
 .bss.session_counter
                0x0080018f        0x2 APPLICATION/main.o
                0x0080018f                session_counter
 *(COMMON)
                0x00800191                PROVIDE (__bss_end, .)
                0x00000de8                __data_load_start = LOADADDR (.data)
                0x00000f16                __data_load_end = (__data_load_start + SIZEOF (.data))

.noinit         0x00800191        0x0
                [!provide]                PROVIDE (__noinit_start, .)
 *(.noinit*)
                [!provide]                PROVIDE (__noinit_end, .)
                0x00800191                _end = .
                [!provide]                PROVIDE (__heap_start, .)

.eeprom         0x00810000        0x0
 *(.eeprom*)
                0x00810000                __eeprom_end = .

.fuse
 *(.fuse)
 *(.lfuse)
 *(.hfuse)
 *(.efuse)

.lock
 *(.lock*)

.signature
 *(.signature*)

.user_signatures
 *(.user_signatures*)

.stab
 *(.stab)

.stabstr
 *(.stabstr)

.stab.excl
 *(.stab.excl)

.stab.exclstr
 *(.stab.exclstr)

.stab.index
 *(.stab.index)

.stab.indexstr
 *(.stab.indexstr)

.comment        0x00000000       0x30
 *(.comment)
 .comment       0x00000000       0x30 APPLICATION/main.o
                                 0x31 (size before relaxing)
 .comment       0x00000030       0x31 APPLICATION/menu.o
 .comment       0x00000030       0x31 SOURCE/HAL/KEYPAD/Src/keypad_driver.o
 .comment       0x00000030       0x31 SOURCE/HAL/LCD/Src/LCD.o
 .comment       0x00000030       0x31 SOURCE/HAL/LED/Src/LED.o
 .comment       0x00000030       0x31 SOURCE/MCAL/DIO/Src/DIO.o
 .comment       0x00000030       0x31 SOURCE/MCAL/EEPROM/Src/EEPROM.o
 .comment       0x00000030       0x31 SOURCE/MCAL/SPI/Src/SPI.o
 .comment       0x00000030       0x31 SOURCE/MCAL/TIMER/Src/timer_driver.o

.note.gnu.avr.deviceinfo
                0x00000000       0x3c
 .note.gnu.avr.deviceinfo
                0x00000000       0x3c C:/Program Files (x86)/Atmel/Studio/7.0/Packs/atmel/ATmega_DFP/1.6.364/gcc/dev/atmega32/avr5/crtatmega32.o

.note.gnu.build-id
 *(.note.gnu.build-id)

.debug
 *(.debug)

.line
 *(.line)

.debug_srcinfo
 *(.debug_srcinfo)

.debug_sfnames
 *(.debug_sfnames)

.debug_aranges  0x00000000      0x208
 *(.debug_aranges)
 .debug_aranges
                0x00000000       0x28 APPLICATION/main.o
 .debug_aranges
                0x00000028       0x30 APPLICATION/menu.o
 .debug_aranges
                0x00000058       0x28 SOURCE/HAL/KEYPAD/Src/keypad_driver.o
 .debug_aranges
                0x00000080       0x50 SOURCE/HAL/LCD/Src/LCD.o
 .debug_aranges
                0x000000d0       0x40 SOURCE/HAL/LED/Src/LED.o
 .debug_aranges
                0x00000110       0x58 SOURCE/MCAL/DIO/Src/DIO.o
 .debug_aranges
                0x00000168       0x38 SOURCE/MCAL/EEPROM/Src/EEPROM.o
 .debug_aranges
                0x000001a0       0x30 SOURCE/MCAL/SPI/Src/SPI.o
 .debug_aranges
                0x000001d0       0x38 SOURCE/MCAL/TIMER/Src/timer_driver.o

.debug_pubnames
 *(.debug_pubnames)

.debug_info     0x00000000     0x26d7
 *(.debug_info .gnu.linkonce.wi.*)
 .debug_info    0x00000000      0x4e6 C:/Program Files (x86)/Atmel/Studio/7.0/Packs/atmel/ATmega_DFP/1.6.364/gcc/dev/atmega32/avr5/crtatmega32.o
 .debug_info    0x000004e6      0xbed APPLICATION/main.o
 .debug_info    0x000010d3      0x46c APPLICATION/menu.o
 .debug_info    0x0000153f      0x3e5 SOURCE/HAL/KEYPAD/Src/keypad_driver.o
 .debug_info    0x00001924      0x536 SOURCE/HAL/LCD/Src/LCD.o
 .debug_info    0x00001e5a      0x25e SOURCE/HAL/LED/Src/LED.o
 .debug_info    0x000020b8      0x26e SOURCE/MCAL/DIO/Src/DIO.o
 .debug_info    0x00002326      0x1d2 SOURCE/MCAL/EEPROM/Src/EEPROM.o
 .debug_info    0x000024f8       0xe3 SOURCE/MCAL/SPI/Src/SPI.o
 .debug_info    0x000025db       0xfc SOURCE/MCAL/TIMER/Src/timer_driver.o

.debug_abbrev   0x00000000      0xd4a
 *(.debug_abbrev)
 .debug_abbrev  0x00000000      0x4a3 C:/Program Files (x86)/Atmel/Studio/7.0/Packs/atmel/ATmega_DFP/1.6.364/gcc/dev/atmega32/avr5/crtatmega32.o
 .debug_abbrev  0x000004a3      0x175 APPLICATION/main.o
 .debug_abbrev  0x00000618      0x189 APPLICATION/menu.o
 .debug_abbrev  0x000007a1      0x14c SOURCE/HAL/KEYPAD/Src/keypad_driver.o
 .debug_abbrev  0x000008ed      0x164 SOURCE/HAL/LCD/Src/LCD.o
 .debug_abbrev  0x00000a51       0xa7 SOURCE/HAL/LED/Src/LED.o
 .debug_abbrev  0x00000af8       0xb4 SOURCE/MCAL/DIO/Src/DIO.o
 .debug_abbrev  0x00000bac       0xac SOURCE/MCAL/EEPROM/Src/EEPROM.o
 .debug_abbrev  0x00000c58       0x7a SOURCE/MCAL/SPI/Src/SPI.o
 .debug_abbrev  0x00000cd2       0x78 SOURCE/MCAL/TIMER/Src/timer_driver.o

.debug_line     0x00000000     0x172e
 *(.debug_line .debug_line.* .debug_line_end)
 .debug_line    0x00000000      0x116 C:/Program Files (x86)/Atmel/Studio/7.0/Packs/atmel/ATmega_DFP/1.6.364/gcc/dev/atmega32/avr5/crtatmega32.o
 .debug_line    0x00000116      0x5a5 APPLICATION/main.o
 .debug_line    0x000006bb      0x32c APPLICATION/menu.o
 .debug_line    0x000009e7      0x21f SOURCE/HAL/KEYPAD/Src/keypad_driver.o
 .debug_line    0x00000c06      0x297 SOURCE/HAL/LCD/Src/LCD.o
 .debug_line    0x00000e9d       0xe8 SOURCE/HAL/LED/Src/LED.o
 .debug_line    0x00000f85      0x35b SOURCE/MCAL/DIO/Src/DIO.o
 .debug_line    0x000012e0      0x1b0 SOURCE/MCAL/EEPROM/Src/EEPROM.o
 .debug_line    0x00001490      0x11b SOURCE/MCAL/SPI/Src/SPI.o
 .debug_line    0x000015ab      0x183 SOURCE/MCAL/TIMER/Src/timer_driver.o

.debug_frame    0x00000000      0x3a0
 *(.debug_frame)
 .debug_frame   0x00000000       0x58 APPLICATION/main.o
 .debug_frame   0x00000058       0x7c APPLICATION/menu.o
 .debug_frame   0x000000d4       0x58 SOURCE/HAL/KEYPAD/Src/keypad_driver.o
 .debug_frame   0x0000012c       0x90 SOURCE/HAL/LCD/Src/LCD.o
 .debug_frame   0x000001bc       0x64 SOURCE/HAL/LED/Src/LED.o
 .debug_frame   0x00000220       0x94 SOURCE/MCAL/DIO/Src/DIO.o
 .debug_frame   0x000002b4       0x54 SOURCE/MCAL/EEPROM/Src/EEPROM.o
 .debug_frame   0x00000308       0x44 SOURCE/MCAL/SPI/Src/SPI.o
 .debug_frame   0x0000034c       0x54 SOURCE/MCAL/TIMER/Src/timer_driver.o

.debug_str      0x00000000      0x895
 *(.debug_str)
 .debug_str     0x00000000      0x196 C:/Program Files (x86)/Atmel/Studio/7.0/Packs/atmel/ATmega_DFP/1.6.364/gcc/dev/atmega32/avr5/crtatmega32.o
 .debug_str     0x00000196      0x3b5 APPLICATION/main.o
                                0x3ee (size before relaxing)
 .debug_str     0x0000054b       0x9f APPLICATION/menu.o
                                0x32d (size before relaxing)
 .debug_str     0x000005ea       0x88 SOURCE/HAL/KEYPAD/Src/keypad_driver.o
                                0x2a1 (size before relaxing)
 .debug_str     0x00000672       0x50 SOURCE/HAL/LCD/Src/LCD.o
                                0x2ad (size before relaxing)
 .debug_str     0x000006c2       0x6e SOURCE/HAL/LED/Src/LED.o
                                0x248 (size before relaxing)
 .debug_str     0x00000730       0x88 SOURCE/MCAL/DIO/Src/DIO.o
                                0x29c (size before relaxing)
 .debug_str     0x000007b8       0x4d SOURCE/MCAL/EEPROM/Src/EEPROM.o
                                0x285 (size before relaxing)
 .debug_str     0x00000805       0x2c SOURCE/MCAL/SPI/Src/SPI.o
                                0x209 (size before relaxing)
 .debug_str     0x00000831       0x64 SOURCE/MCAL/TIMER/Src/timer_driver.o
                                0x231 (size before relaxing)

.debug_loc      0x00000000     0x1798
 *(.debug_loc)
 .debug_loc     0x00000000      0x72d APPLICATION/main.o
 .debug_loc     0x0000072d      0x4e6 APPLICATION/menu.o
 .debug_loc     0x00000c13      0x162 SOURCE/HAL/KEYPAD/Src/keypad_driver.o
 .debug_loc     0x00000d75      0x271 SOURCE/HAL/LCD/Src/LCD.o
 .debug_loc     0x00000fe6      0x14a SOURCE/HAL/LED/Src/LED.o
 .debug_loc     0x00001130      0x4f4 SOURCE/MCAL/DIO/Src/DIO.o
 .debug_loc     0x00001624      0x127 SOURCE/MCAL/EEPROM/Src/EEPROM.o
 .debug_loc     0x0000174b       0x1f SOURCE/MCAL/SPI/Src/SPI.o
 .debug_loc     0x0000176a       0x2e SOURCE/MCAL/TIMER/Src/timer_driver.o

.debug_macinfo
 *(.debug_macinfo)

.debug_weaknames
 *(.debug_weaknames)

.debug_funcnames
 *(.debug_funcnames)

.debug_typenames
 *(.debug_typenames)

.debug_varnames
 *(.debug_varnames)

.debug_pubtypes
 *(.debug_pubtypes)

.debug_ranges   0x00000000      0x1a8
 *(.debug_ranges)
 .debug_ranges  0x00000000       0x48 APPLICATION/main.o
 .debug_ranges  0x00000048       0x20 APPLICATION/menu.o
 .debug_ranges  0x00000068       0x18 SOURCE/HAL/KEYPAD/Src/keypad_driver.o
 .debug_ranges  0x00000080       0x40 SOURCE/HAL/LCD/Src/LCD.o
 .debug_ranges  0x000000c0       0x30 SOURCE/HAL/LED/Src/LED.o
 .debug_ranges  0x000000f0       0x48 SOURCE/MCAL/DIO/Src/DIO.o
 .debug_ranges  0x00000138       0x28 SOURCE/MCAL/EEPROM/Src/EEPROM.o
 .debug_ranges  0x00000160       0x20 SOURCE/MCAL/SPI/Src/SPI.o
 .debug_ranges  0x00000180       0x28 SOURCE/MCAL/TIMER/Src/timer_driver.o

.debug_macro
 *(.debug_macro)
OUTPUT(Master code.elf elf32-avr)
LOAD linker stubs
